2025-07-27 05:12:09: SQLSTATE[42000]: Syntax error or access violation: 1064 You have an error in your SQL syntax; check the manual that corresponds to your MySQL server version for the right syntax to use near ''10' OFFSET '10'' at line 1
2025-07-27 05:12:10: SQLSTATE[42000]: Syntax error or access violation: 1064 You have an error in your SQL syntax; check the manual that corresponds to your MySQL server version for the right syntax to use near ''10' OFFSET '20'' at line 1
2025-07-27 05:12:11: SQLSTATE[42000]: Syntax error or access violation: 1064 You have an error in your SQL syntax; check the manual that corresponds to your MySQL server version for the right syntax to use near ''10' OFFSET '30'' at line 1
2025-07-27 05:12:16: SQLSTATE[42000]: Syntax error or access violation: 1064 You have an error in your SQL syntax; check the manual that corresponds to your MySQL server version for the right syntax to use near ''10' OFFSET '40'' at line 1
2025-07-27 05:12:18: SQLSTATE[42000]: Syntax error or access violation: 1064 You have an error in your SQL syntax; check the manual that corresponds to your MySQL server version for the right syntax to use near ''10' OFFSET '50'' at line 1
2025-07-27 05:18:43: SQLSTATE[42000]: Syntax error or access violation: 1064 You have an error in your SQL syntax; check the manual that corresponds to your MySQL server version for the right syntax to use near ''10' OFFSET '10'' at line 1
2025-07-27 05:18:45: SQLSTATE[42000]: Syntax error or access violation: 1064 You have an error in your SQL syntax; check the manual that corresponds to your MySQL server version for the right syntax to use near ''10' OFFSET '20'' at line 1
2025-07-27 05:18:47: SQLSTATE[42000]: Syntax error or access violation: 1064 You have an error in your SQL syntax; check the manual that corresponds to your MySQL server version for the right syntax to use near ''10' OFFSET '30'' at line 1
2025-07-27 05:22:48: Gagal query di search_pendaftar.php: SQLSTATE[42000]: Syntax error or access violation: 1064 You have an error in your SQL syntax; check the manual that corresponds to your MySQL server version for the right syntax to use near ''10' OFFSET '0'' at line 1
2025-07-27 05:22:48: Gagal query di search_pendaftar.php: SQLSTATE[42000]: Syntax error or access violation: 1064 You have an error in your SQL syntax; check the manual that corresponds to your MySQL server version for the right syntax to use near ''10' OFFSET '0'' at line 1
2025-07-27 05:22:50: Gagal query di search_pendaftar.php: SQLSTATE[42000]: Syntax error or access violation: 1064 You have an error in your SQL syntax; check the manual that corresponds to your MySQL server version for the right syntax to use near ''10' OFFSET '0'' at line 1
2025-07-27 05:22:50: Gagal query di search_pendaftar.php: SQLSTATE[42000]: Syntax error or access violation: 1064 You have an error in your SQL syntax; check the manual that corresponds to your MySQL server version for the right syntax to use near ''10' OFFSET '0'' at line 1
2025-07-27 05:22:54: Gagal query di search_pendaftar.php: SQLSTATE[42000]: Syntax error or access violation: 1064 You have an error in your SQL syntax; check the manual that corresponds to your MySQL server version for the right syntax to use near ''10' OFFSET '0'' at line 1
2025-07-27 05:22:54: Gagal query di search_pendaftar.php: SQLSTATE[42000]: Syntax error or access violation: 1064 You have an error in your SQL syntax; check the manual that corresponds to your MySQL server version for the right syntax to use near ''10' OFFSET '0'' at line 1
2025-07-27 05:23:31: Gagal query di search_pendaftar.php: SQLSTATE[42000]: Syntax error or access violation: 1064 You have an error in your SQL syntax; check the manual that corresponds to your MySQL server version for the right syntax to use near ''10' OFFSET '0'' at line 1
2025-07-27 05:23:31: Gagal query di search_pendaftar.php: SQLSTATE[42000]: Syntax error or access violation: 1064 You have an error in your SQL syntax; check the manual that corresponds to your MySQL server version for the right syntax to use near ''10' OFFSET '0'' at line 1
2025-07-27 05:23:32: Gagal query di search_pendaftar.php: SQLSTATE[42000]: Syntax error or access violation: 1064 You have an error in your SQL syntax; check the manual that corresponds to your MySQL server version for the right syntax to use near ''10' OFFSET '0'' at line 1
2025-07-27 05:23:32: Gagal query di search_pendaftar.php: SQLSTATE[42000]: Syntax error or access violation: 1064 You have an error in your SQL syntax; check the manual that corresponds to your MySQL server version for the right syntax to use near ''10' OFFSET '0'' at line 1
2025-07-27 05:23:32: Gagal query di search_pendaftar.php: SQLSTATE[42000]: Syntax error or access violation: 1064 You have an error in your SQL syntax; check the manual that corresponds to your MySQL server version for the right syntax to use near ''10' OFFSET '0'' at line 1
2025-07-27 05:23:33: Gagal query di search_pendaftar.php: SQLSTATE[42000]: Syntax error or access violation: 1064 You have an error in your SQL syntax; check the manual that corresponds to your MySQL server version for the right syntax to use near ''10' OFFSET '0'' at line 1
2025-07-27 05:23:33: Gagal query di search_pendaftar.php: SQLSTATE[42000]: Syntax error or access violation: 1064 You have an error in your SQL syntax; check the manual that corresponds to your MySQL server version for the right syntax to use near ''10' OFFSET '0'' at line 1
2025-07-27 05:23:34: Gagal query di search_pendaftar.php: SQLSTATE[42000]: Syntax error or access violation: 1064 You have an error in your SQL syntax; check the manual that corresponds to your MySQL server version for the right syntax to use near ''10' OFFSET '0'' at line 1
2025-07-27 05:23:34: Gagal query di search_pendaftar.php: SQLSTATE[42000]: Syntax error or access violation: 1064 You have an error in your SQL syntax; check the manual that corresponds to your MySQL server version for the right syntax to use near ''10' OFFSET '0'' at line 1
2025-07-27 05:23:46: Gagal query di search_pendaftar.php: SQLSTATE[42000]: Syntax error or access violation: 1064 You have an error in your SQL syntax; check the manual that corresponds to your MySQL server version for the right syntax to use near ''10' OFFSET '0'' at line 1
2025-07-27 05:23:47: Gagal query di search_pendaftar.php: SQLSTATE[42000]: Syntax error or access violation: 1064 You have an error in your SQL syntax; check the manual that corresponds to your MySQL server version for the right syntax to use near ''10' OFFSET '0'' at line 1
2025-07-27 05:26:31: Gagal query di search_pendaftar.php: SQLSTATE[HY093]: Invalid parameter number: mixed named and positional parameters
2025-07-27 05:26:33: Gagal query di search_pendaftar.php: SQLSTATE[HY093]: Invalid parameter number: mixed named and positional parameters
2025-07-27 05:26:39: Gagal query di search_pendaftar.php: SQLSTATE[HY093]: Invalid parameter number: mixed named and positional parameters
2025-07-27 05:26:40: Gagal query di search_pendaftar.php: SQLSTATE[HY093]: Invalid parameter number: mixed named and positional parameters
2025-07-27 05:26:40: Gagal query di search_pendaftar.php: SQLSTATE[HY093]: Invalid parameter number: mixed named and positional parameters
2025-07-27 05:26:42: Gagal query di search_pendaftar.php: SQLSTATE[HY093]: Invalid parameter number: mixed named and positional parameters
2025-07-27 05:30:03: Gagal mengambil data pendaftar: SQLSTATE[HY093]: Invalid parameter number: mixed named and positional parameters
2025-07-27 05:30:04: Gagal mengambil data pendaftar: SQLSTATE[HY093]: Invalid parameter number: mixed named and positional parameters
2025-07-27 05:30:04: Gagal mengambil data pendaftar: SQLSTATE[HY093]: Invalid parameter number: mixed named and positional parameters
2025-07-27 05:30:04: Gagal mengambil data pendaftar: SQLSTATE[HY093]: Invalid parameter number: mixed named and positional parameters
2025-07-27 05:30:06: Gagal mengambil data pendaftar: SQLSTATE[HY093]: Invalid parameter number: mixed named and positional parameters
2025-07-27 05:30:06: Gagal mengambil data pendaftar: SQLSTATE[HY093]: Invalid parameter number: mixed named and positional parameters
2025-07-27 05:30:06: Gagal mengambil data pendaftar: SQLSTATE[HY093]: Invalid parameter number: mixed named and positional parameters
2025-07-27 05:30:06: Gagal mengambil data pendaftar: SQLSTATE[HY093]: Invalid parameter number: mixed named and positional parameters
2025-07-27 05:30:08: Gagal mengambil data pendaftar: SQLSTATE[HY093]: Invalid parameter number: mixed named and positional parameters
2025-07-27 05:30:08: Gagal mengambil data pendaftar: SQLSTATE[HY093]: Invalid parameter number: mixed named and positional parameters
2025-07-27 05:30:08: Gagal mengambil data pendaftar: SQLSTATE[HY093]: Invalid parameter number: mixed named and positional parameters
2025-07-27 05:30:08: Gagal mengambil data pendaftar: SQLSTATE[HY093]: Invalid parameter number: mixed named and positional parameters
2025-07-28 02:07:25: Gagal login admin: Username=admin, Password salah atau user tidak ditemukan
2025-07-28 02:08:48: Gagal login admin: Username=admin, Password salah atau user tidak ditemukan
2025-07-28 02:09:40: Gagal login admin: Username=yulia, Password salah atau user tidak ditemukan
